============================= test session starts ==============================
platform linux -- Python 3.13.9, pytest-9.0.2, pluggy-1.6.0 -- /home/ty/Repositories/ai_workspace/HiPAI-Montague-Semantic-Cognition/.venv/bin/python3
cachedir: .pytest_cache
rootdir: /home/ty/Repositories/ai_workspace/HiPAI-Montague-Semantic-Cognition
configfile: pyproject.toml
plugins: typeguard-4.5.1, asyncio-1.3.0, anyio-4.12.1
asyncio: mode=Mode.STRICT, debug=False, asyncio_default_fixture_loop_scope=None, asyncio_default_test_loop_scope=function
collecting ... collected 1 item

tests/test_synthesis.py::test_tense_parsing FAILED                       [100%]

=================================== FAILURES ===================================
______________________________ test_tense_parsing ______________________________

manager = <hipai.synthesis.HIPAIManager object at 0x74659d9e4980>

    def test_tense_parsing(manager):
        manager.world_model.clear_graph()
    
        # Test past tense
        manager.add_belief("Socrates was a man")
        # Verify the observation node has tense="past"
        res = manager.world_model.query_graph("MATCH (o) WHERE o.text_source CONTAINS 'Socrates' RETURN labels(o), o.tense")
        print(f"DEBUG: Tense parsing result: {res}")
        assert any("past" in str(row) for row in res)
    
        # Test future tense relation
        manager.add_belief("Alice will visit Bob")
        # Verify the edge has tense="future"
        res_edge = manager.world_model.query_graph("MATCH (a:Entity {id: 'Alice'})-[r:VISIT]->(b:Entity {id: 'Bob'}) RETURN r.tense")
>       assert res_edge[0][0] == "future"
               ^^^^^^^^^^^
E       IndexError: list index out of range

tests/test_synthesis.py:42: IndexError
---------------------------- Captured stderr setup -----------------------------
Loading weights:   0%|          | 0/103 [00:00<?, ?it/s]Loading weights: 100%|██████████| 103/103 [00:00<00:00, 12160.48it/s]
[1mBertModel LOAD REPORT[0m from: sentence-transformers/all-MiniLM-L6-v2
Key                     | Status     |  | 
------------------------+------------+--+-
embeddings.position_ids | UNEXPECTED |  | 

[3mNotes:
- UNEXPECTED[3m	:can be ignored when loading from different task/architecture; not ok if you expect identical arch.[0m
----------------------------- Captured stdout call -----------------------------
DEBUG: _detect_tense root: text='was', tag='VBD', lemma='be'
DEBUG: Tense parsing result: [[['EpistemicNode', 'Observation'], 'past']]
DEBUG: _detect_tense root: text='visit', tag='VB', lemma='visit'
=============================== warnings summary ===============================
.venv/lib/python3.13/site-packages/torch/cuda/__init__.py:184
  /home/ty/Repositories/ai_workspace/HiPAI-Montague-Semantic-Cognition/.venv/lib/python3.13/site-packages/torch/cuda/__init__.py:184: UserWarning: CUDA initialization: CUDA unknown error - this may be due to an incorrectly set up environment, e.g. changing env variable CUDA_VISIBLE_DEVICES after program start. Setting the available devices to be zero. (Triggered internally at /pytorch/c10/cuda/CUDAFunctions.cpp:119.)
    return torch._C._cuda_getDeviceCount() > 0

-- Docs: https://docs.pytest.org/en/stable/how-to/capture-warnings.html
=========================== short test summary info ============================
FAILED tests/test_synthesis.py::test_tense_parsing - IndexError: list index out of range
========================= 1 failed, 1 warning in 3.05s =========================
